
> orkiosk-web@1.0.0 build
> next build

npm :  ΓÜá Specified "headers" will not automatically work with 
"output: export". See more info here: 
https://nextjs.org/docs/messages/export-no-custom-routes
At line:1 char:1
+ npm run build > build_output.txt 2>&1
+ ~~~~~~~~~~~~~~~~~~~~~~~~~~~~~~~~~~~~~
    + CategoryInfo          : NotSpecified: ( ΓÜá Specified ...o-cu 
   stom-routes:String) [], RemoteException
    + FullyQualifiedErrorId : NativeCommandError
 
 ΓÜá Specified "headers" will not automatically work with "output: 
export". See more info here: 
https://nextjs.org/docs/messages/export-no-custom-routes
  Γû▓ Next.js 14.2.35
  - Environments: .env.local

   Creating an optimized production build ...
 ΓÜá Specified "headers" will not automatically work with "output: 
export". See more info here: 
https://nextjs.org/docs/messages/export-no-custom-routes
 ΓÜá Specified "headers" will not automatically work with "output: 
export". See more info here: 
https://nextjs.org/docs/messages/export-no-custom-routes
 ΓÜá Specified "headers" will not automatically work with "output: 
export". See more info here: 
https://nextjs.org/docs/messages/export-no-custom-routes
 Γ£ô Compiled successfully
   Linting and checking validity of types ...
   Collecting page data ...

> Build error occurred
Error: Page "/[locale]/admin1/login" is missing 
"generateStaticParams()" so it cannot be used with "output: export" 
config.
    at C:\Users\josej.ORKIOSK\Documents\orkiosk-web\node_modules\nex
t\dist\build\index.js:1297:59
    at process.processTicksAndRejections 
(node:internal/process/task_queues:95:5)
    at async Span.traceAsyncFn (C:\Users\josej.ORKIOSK\Documents\ork
iosk-web\node_modules\next\dist\trace\trace.js:154:20)
    at async Promise.all (index 5)
    at async C:\Users\josej.ORKIOSK\Documents\orkiosk-web\node_modul
es\next\dist\build\index.js:1175:17
    at async Span.traceAsyncFn (C:\Users\josej.ORKIOSK\Documents\ork
iosk-web\node_modules\next\dist\trace\trace.js:154:20)
    at async C:\Users\josej.ORKIOSK\Documents\orkiosk-web\node_modul
es\next\dist\build\index.js:1098:124
    at async Span.traceAsyncFn (C:\Users\josej.ORKIOSK\Documents\ork
iosk-web\node_modules\next\dist\trace\trace.js:154:20)
    at async build (C:\Users\josej.ORKIOSK\Documents\orkiosk-web\nod
e_modules\next\dist\build\index.js:368:9)
