
> orkiosk-web@1.0.0 build
> next build

  Γû▓ Next.js 14.2.35
  - Environments: .env.local

   Creating an optimized production build ...
npm :  ΓÜá Compiled with warnings
At line:1 char:1
+ npm run build > build_error.log 2>&1
+ ~~~~~~~~~~~~~~~~~~~~~~~~~~~~~~~~~~~~
    + CategoryInfo          : NotSpecified: ( ΓÜá Compil 
   ed with warnings:String) [], RemoteException
    + FullyQualifiedErrorId : NativeCommandError
 

./lib/firebase-admin.ts
Critical dependency: the request of a dependency is an 
expression

Import trace for requested module:
./lib/firebase-admin.ts
./app/api/admin/users/route.ts

 Γ£ô Compiled successfully
   Skipping linting
   Checking validity of types ...
   Collecting page data ...
No serviceAccountKey.json found and no 
GOOGLE_SERVICE_ACCOUNT_KEY env var.
FirebaseAppError: The default Firebase app does not 
exist. Make sure you call initializeApp() before using 
any of the Firebase services.
    at AppStore.getApp (C:\Users\josej.ORKIOSK\Documents\
orkiosk-web\node_modules\firebase-admin\lib\app\lifecycle
.js:79:19)
    at FirebaseNamespaceInternals.app (C:\Users\josej.ORK
IOSK\Documents\orkiosk-web\node_modules\firebase-admin\li
b\app\firebase-namespace.js:54:35)
    at FirebaseNamespace.app (C:\Users\josej.ORKIOSK\Docu
ments\orkiosk-web\node_modules\firebase-admin\lib\app\fir
ebase-namespace.js:256:30)
    at FirebaseNamespace.ensureApp (C:\Users\josej.ORKIOS
K\Documents\orkiosk-web\node_modules\firebase-admin\lib\a
pp\firebase-namespace.js:266:24)
    at FirebaseNamespace.fn (C:\Users\josej.ORKIOSK\Docum
ents\orkiosk-web\node_modules\firebase-admin\lib\app\fire
base-namespace.js:92:25)
    at 53566 (C:\Users\josej.ORKIOSK\Documents\orkiosk-we
b\.next\server\app\api\admin\users\route.js:1:1247)
    at t (C:\Users\josej.ORKIOSK\Documents\orkiosk-web\.n
ext\server\webpack-runtime.js:1:128)
    at t (C:\Users\josej.ORKIOSK\Documents\orkiosk-web\.n
ext\server\app\api\admin\users\route.js:1:2468)
    at C:\Users\josej.ORKIOSK\Documents\orkiosk-web\.next
\server\app\api\admin\users\route.js:1:2501
    at t.X (C:\Users\josej.ORKIOSK\Documents\orkiosk-web\
.next\server\webpack-runtime.js:1:1206) {
  errorInfo: {
    code: 'app/no-app',
    message: 'The default Firebase app does not exist. 
Make sure you call initializeApp() before using any of 
the Firebase services.'
  },
  codePrefix: 'app'
}

> Build error occurred
Error: Failed to collect page data for /api/admin/users
    at C:\Users\josej.ORKIOSK\Documents\orkiosk-web\node_
modules\next\dist\build\utils.js:1269:15
    at process.processTicksAndRejections 
(node:internal/process/task_queues:95:5) {
  type: 'Error'
}
